// Jest Snapshot v1, https://goo.gl/fbAQLP

exports[`App 1`] = `
<div>
  Hello,
   
  Sergey
</div>
`;

exports[`allows us to set props 1`] = `
<div>
  Hello, Ivan
</div>
`;
